Si446x.h:553:20:_Si446x_iRestore	16	static,ignoring_inline_asm
Si446x.c:55:14:__empty_callback0	8	static
Si446x.c:56:14:__empty_callback1	16	static
Si446x.c:63:28:SI446X_CB_RXCOMPLETE	16	static
Si446x.c:116:23:cselect	8	static
Si446x.c:122:23:cdeselect	8	static
Si446x.c:224:16:getResponse	32	static
Si446x.c:250:16:waitForResponse	24	static
Si446x.c:266:13:doAPI	40	static
Si446x.c:290:13:setProperties	40	static
Si446x.c:308:20:setProperty	16	static
Si446x.c:321:13:getProperties	24	static
Si446x.c:334:23:getProperty	32	static
Si446x.c:342:17:getADC	32	static
Si446x.c:354:16:getFRR	32	static
Si446x.c:369:16:getLatchedRSSI	24	static
Si446x.c:377:23:getState	24	static
Si446x.c:390:13:setState	24	static
Si446x.c:400:13:clearFIFO	8	static
Si446x.c:438:13:interrupt	24	static
Si446x.c:445:13:interrupt2	32	static
Si446x.c:457:13:resetDevice	8	static
Si446x.c:478:13:applyStartupConfig	40	static
Si446x.c:489:6:Si446x_init	8	static
Si446x.c:518:6:Si446x_getInfo	32	static
Si446x.c:542:9:Si446x_getRSSI	16	static
Si446x.c:553:16:Si446x_getState	8	static
Si446x.c:559:6:Si446x_setTxPower	16	static
Si446x.c:599:6:Si446x_setLowBatt	24	static
Si446x.c:606:6:Si446x_setupWUT	40	static
Si446x.c:654:6:Si446x_disableWUT	16	static
Si446x.c:672:6:Si446x_setupCallback	24	static
Si446x.c:708:9:Si446x_sleep	8	static
Si446x.c:716:6:Si446x_read	32	static
Si446x.c:756:9:Si446x_TX	40	static
Si446x.c:826:6:Si446x_RX	32	static
Si446x.c:853:10:Si446x_adc_gpio	32	static
Si446x.c:859:10:Si446x_adc_battery	24	static
Si446x.c:866:7:Si446x_adc_temperature	24	static
Si446x.c:873:6:Si446x_writeGPIO	32	static
Si446x.c:889:9:Si446x_readGPIO	16	static
Si446x.c:899:9:Si446x_dump	32	static
Si446x.c:949:1:ISR	40	static
