Si446x.h:563:20:_Si446x_iRestore	16	static,ignoring_inline_asm
Si446x.c:55:14:__empty_callback0	8	static
Si446x.c:56:14:__empty_callback1	16	static
Si446x.c:63:28:SI446X_CB_RXCOMPLETE	16	static
Si446x.c:118:23:cselect	8	static
Si446x.c:124:23:cdeselect	8	static
Si446x.c:131:6:spi_transfer_nr	16	static
Si446x.c:140:9:spi_transfer	16	static
Si446x.c:228:16:receiveResponse	32	static
Si446x.c:260:16:getResponse	32	static
Si446x.c:289:16:waitForResponse	24	static
Si446x.c:305:13:doAPI	40	static
Si446x.c:331:13:setProperties	40	static
Si446x.c:349:20:setProperty	16	static
Si446x.c:362:13:getProperties	24	static
Si446x.c:375:23:getProperty	32	static
Si446x.c:383:17:getADC	32	static
Si446x.c:395:16:getFRR	32	static
Si446x.c:410:16:getLatchedRSSI	24	static
Si446x.c:418:23:getState	24	static
Si446x.c:431:13:setState	24	static
Si446x.c:441:13:clearFIFO	8	static
Si446x.c:479:13:interrupt	24	static
Si446x.c:486:13:interrupt2	32	static
Si446x.c:498:13:resetDevice	8	static
Si446x.c:519:13:applyStartupConfig	40	static
Si446x.c:530:6:Si446x_init	8	static
Si446x.c:561:6:Si446x_getInfo	32	static
Si446x.c:585:9:Si446x_getRSSI	16	static
Si446x.c:596:16:Si446x_getState	8	static
Si446x.c:602:6:Si446x_setTxPower	16	static
Si446x.c:642:6:Si446x_setLowBatt	24	static
Si446x.c:649:6:Si446x_setupWUT	40	static
Si446x.c:697:6:Si446x_disableWUT	16	static
Si446x.c:715:6:Si446x_setupCallback	24	static
Si446x.c:751:9:Si446x_sleep	8	static
Si446x.c:759:6:Si446x_read	32	static
Si446x.c:799:9:Si446x_TX	40	static
Si446x.c:869:6:Si446x_RX	32	static
Si446x.c:896:10:Si446x_adc_gpio	32	static
Si446x.c:902:10:Si446x_adc_battery	24	static
Si446x.c:909:7:Si446x_adc_temperature	24	static
Si446x.c:916:6:Si446x_writeGPIO	32	static
Si446x.c:932:9:Si446x_readGPIO	16	static
Si446x.c:942:9:Si446x_dump	32	static
