Si446x.h:563:20:_Si446x_iRestore	16	static,ignoring_inline_asm
Si446x.c:55:14:__empty_callback0	8	static
Si446x.c:56:14:__empty_callback1	16	static
Si446x.c:63:28:SI446X_CB_RXCOMPLETE	16	static
Si446x.c:118:23:cselect	8	static
Si446x.c:124:23:cdeselect	8	static
Si446x.c:131:6:spi_transfer_nr	16	static
Si446x.c:140:9:spi_transfer	16	static
Si446x.c:226:16:getResponse	32	static
Si446x.c:255:16:waitForResponse	24	static
Si446x.c:271:13:doAPI	40	static
Si446x.c:295:13:setProperties	40	static
Si446x.c:313:20:setProperty	16	static
Si446x.c:326:13:getProperties	24	static
Si446x.c:339:23:getProperty	32	static
Si446x.c:347:17:getADC	32	static
Si446x.c:359:16:getFRR	32	static
Si446x.c:374:16:getLatchedRSSI	24	static
Si446x.c:382:23:getState	24	static
Si446x.c:395:13:setState	24	static
Si446x.c:405:13:clearFIFO	8	static
Si446x.c:443:13:interrupt	24	static
Si446x.c:450:13:interrupt2	32	static
Si446x.c:462:13:resetDevice	8	static
Si446x.c:483:13:applyStartupConfig	40	static
Si446x.c:494:6:Si446x_init	8	static
Si446x.c:525:6:Si446x_getInfo	32	static
Si446x.c:549:9:Si446x_getRSSI	16	static
Si446x.c:560:16:Si446x_getState	8	static
Si446x.c:566:6:Si446x_setTxPower	16	static
Si446x.c:606:6:Si446x_setLowBatt	24	static
Si446x.c:613:6:Si446x_setupWUT	40	static
Si446x.c:661:6:Si446x_disableWUT	16	static
Si446x.c:679:6:Si446x_setupCallback	24	static
Si446x.c:715:9:Si446x_sleep	8	static
Si446x.c:723:6:Si446x_read	32	static
Si446x.c:763:9:Si446x_TX	40	static
Si446x.c:833:6:Si446x_RX	32	static
Si446x.c:860:10:Si446x_adc_gpio	32	static
Si446x.c:866:10:Si446x_adc_battery	24	static
Si446x.c:873:7:Si446x_adc_temperature	24	static
Si446x.c:880:6:Si446x_writeGPIO	32	static
Si446x.c:896:9:Si446x_readGPIO	16	static
Si446x.c:906:9:Si446x_dump	32	static
